<?xml version="1.0" encoding="UTF-8"?>
<TestRun id="3e15cdd5-e373-4a67-b0f5-618b79300027" name="NL07821@NLCKCBX3J 2011-03-07 13:54:36" runUser="EUROPE\NL07821" xmlns="http://microsoft.com/schemas/VisualStudio/TeamTest/2010">
  <TestSettings name="Local" id="c3caac8b-d538-4b41-b78d-16692feb5f6d">
    <Description>These are default test settings for a local test run.</Description>
    <Deployment enabled="false" runDeploymentRoot="NL07821_NLCKCBX3J 2011-03-07 13_54_36">
      <DeploymentItem filename="C:\ReferenceMaterial\06 Programming Projects\DojoTimer\ContinuousClientIntegration.Business\bin\Debug\ContinuousClientIntegration.Business.dll" />
    </Deployment>
    <Execution>
      <TestTypeSpecific />
      <AgentRule name="Execution Agents">
      </AgentRule>
    </Execution>
  </TestSettings>
  <Times creation="2011-03-07T13:54:36.3579787+01:00" queuing="2011-03-07T13:54:39.1232143+01:00" start="2011-03-07T13:54:39.2325739+01:00" finish="2011-03-07T13:54:40.0918279+01:00" />
  <ResultSummary outcome="Completed">
    <Counters total="1" executed="1" passed="1" error="0" failed="0" timeout="0" aborted="0" inconclusive="0" passedButRunAborted="0" notRunnable="0" notExecuted="0" disconnected="0" warning="0" completed="0" inProgress="0" pending="0" />
  </ResultSummary>
  <TestDefinitions>
    <UnitTest name="ParseDate_ValidDate_ValidResult" storage="c:\referencematerial\06 programming projects\dojotimer\continousclientintegration.business.tests\bin\debug\continuousclientintegration.business.tests.dll" id="58c1185b-7098-f400-7fa5-5068242d621b">
      <Execution id="6ce79167-3e28-4f3c-8343-42a38758b03d" />
      <TestMethod codeBase="C:/ReferenceMaterial/06 Programming Projects/DojoTimer/ContinousClientIntegration.Business.Tests/bin/Debug/ContinuousClientIntegration.Business.Tests.DLL" adapterTypeName="Microsoft.VisualStudio.TestTools.TestTypes.Unit.UnitTestAdapter, Microsoft.VisualStudio.QualityTools.Tips.UnitTest.Adapter, Version=10.0.0.0, Culture=neutral, PublicKeyToken=b03f5f7f11d50a3a" className="ContinuousClientIntegration.Business.Tests.DataRangeReaderTests, ContinuousClientIntegration.Business.Tests, Version=1.0.0.0, Culture=neutral, PublicKeyToken=null" name="ParseDate_ValidDate_ValidResult" />
    </UnitTest>
  </TestDefinitions>
  <TestLists>
    <TestList name="Results Not in a List" id="8c84fa94-04c1-424b-9868-57a2d4851a1d" />
    <TestList name="All Loaded Results" id="19431567-8539-422a-85d7-44ee4e166bda" />
  </TestLists>
  <TestEntries>
    <TestEntry testId="58c1185b-7098-f400-7fa5-5068242d621b" executionId="6ce79167-3e28-4f3c-8343-42a38758b03d" testListId="8c84fa94-04c1-424b-9868-57a2d4851a1d" />
  </TestEntries>
  <Results>
    <UnitTestResult executionId="6ce79167-3e28-4f3c-8343-42a38758b03d" testId="58c1185b-7098-f400-7fa5-5068242d621b" testName="ParseDate_ValidDate_ValidResult" computerName="NLCKCBX3J" duration="00:00:00.0289022" startTime="2011-03-07T13:54:39.2481967+01:00" endTime="2011-03-07T13:54:40.0449595+01:00" testType="13cdc9d9-ddb5-4fa4-a97d-d965ccfc6d4b" outcome="Passed" testListId="8c84fa94-04c1-424b-9868-57a2d4851a1d" relativeResultsDirectory="6ce79167-3e28-4f3c-8343-42a38758b03d">
    </UnitTestResult>
  </Results>
</TestRun>