<?xml version="1.0" encoding="UTF-8"?>
<TestRun id="a0f9c6bb-1e91-4e44-91f1-aef8262388c3" name="NL07821@NLCKCBX3J 2011-03-15 10:44:11" runUser="EUROPE\NL07821" xmlns="http://microsoft.com/schemas/VisualStudio/TeamTest/2010">
  <TestSettings name="Local" id="c3caac8b-d538-4b41-b78d-16692feb5f6d">
    <Description>These are default test settings for a local test run.</Description>
    <Deployment enabled="false" runDeploymentRoot="NL07821_NLCKCBX3J 2011-03-15 10_44_11">
      <DeploymentItem filename="C:\ReferenceMaterial\06 Programming Projects\DojoTimer\ContinuousClientIntegration.Business\bin\Debug\ContinuousClientIntegration.Business.dll" />
    </Deployment>
    <Execution>
      <TestTypeSpecific />
      <AgentRule name="Execution Agents">
      </AgentRule>
    </Execution>
  </TestSettings>
  <Times creation="2011-03-15T10:44:11.1697682+01:00" queuing="2011-03-15T10:44:14.0912131+01:00" start="2011-03-15T10:44:14.3099309+01:00" finish="2011-03-15T10:44:16.5595997+01:00" />
  <ResultSummary outcome="Completed">
    <Counters total="28" executed="28" passed="28" error="0" failed="0" timeout="0" aborted="0" inconclusive="0" passedButRunAborted="0" notRunnable="0" notExecuted="0" disconnected="0" warning="0" completed="0" inProgress="0" pending="0" />
  </ResultSummary>
  <TestDefinitions>
    <UnitTest name="GetCoverage_OneMethodFullCoverage_100" storage="c:\referencematerial\06 programming projects\dojotimer\continousclientintegration.business.tests\bin\debug\continuousclientintegration.business.tests.dll" id="779a95ba-82ba-92c6-b0d2-8d24e59961d7">
      <Execution id="a2b91365-9bd2-4e21-af52-7b3cdfd03fa8" />
      <TestMethod codeBase="C:/ReferenceMaterial/06 Programming Projects/DojoTimer/ContinousClientIntegration.Business.Tests/bin/Debug/ContinuousClientIntegration.Business.Tests.DLL" adapterTypeName="Microsoft.VisualStudio.TestTools.TestTypes.Unit.UnitTestAdapter, Microsoft.VisualStudio.QualityTools.Tips.UnitTest.Adapter, Version=10.0.0.0, Culture=neutral, PublicKeyToken=b03f5f7f11d50a3a" className="ContinuousClientIntegration.Business.Tests.CoveredAssemblyTests, ContinuousClientIntegration.Business.Tests, Version=1.0.0.0, Culture=neutral, PublicKeyToken=null" name="GetCoverage_OneMethodFullCoverage_100" />
    </UnitTest>
    <UnitTest name="ParseDate_ValidDate_ValidResult" storage="c:\referencematerial\06 programming projects\dojotimer\continousclientintegration.business.tests\bin\debug\continuousclientintegration.business.tests.dll" id="58c1185b-7098-f400-7fa5-5068242d621b">
      <Execution id="5b5a5f80-b28a-4771-8c67-00745e635869" />
      <TestMethod codeBase="C:/ReferenceMaterial/06 Programming Projects/DojoTimer/ContinousClientIntegration.Business.Tests/bin/Debug/ContinuousClientIntegration.Business.Tests.DLL" adapterTypeName="Microsoft.VisualStudio.TestTools.TestTypes.Unit.UnitTestAdapter, Microsoft.VisualStudio.QualityTools.Tips.UnitTest.Adapter, Version=10.0.0.0, Culture=neutral, PublicKeyToken=b03f5f7f11d50a3a" className="ContinuousClientIntegration.Business.Tests.DataRangeReaderTests, ContinuousClientIntegration.Business.Tests, Version=1.0.0.0, Culture=neutral, PublicKeyToken=null" name="ParseDate_ValidDate_ValidResult" />
    </UnitTest>
    <UnitTest name="CreateTestAndCoverageProcessStartInfo_AllSettingsValid_ValidResult" storage="c:\referencematerial\06 programming projects\dojotimer\continousclientintegration.business.tests\bin\debug\continuousclientintegration.business.tests.dll" id="eec5cca0-fe95-abfe-1b14-a10c12dce8b5">
      <Execution id="73f84ae9-568b-43be-80f1-99a4df91e721" />
      <TestMethod codeBase="C:/ReferenceMaterial/06 Programming Projects/DojoTimer/ContinousClientIntegration.Business.Tests/bin/Debug/ContinuousClientIntegration.Business.Tests.DLL" adapterTypeName="Microsoft.VisualStudio.TestTools.TestTypes.Unit.UnitTestAdapter, Microsoft.VisualStudio.QualityTools.Tips.UnitTest.Adapter, Version=10.0.0.0, Culture=neutral, PublicKeyToken=b03f5f7f11d50a3a" className="ContinuousClientIntegration.Business.Tests.ProcessStartInfoFactoryTests, ContinuousClientIntegration.Business.Tests, Version=1.0.0.0, Culture=neutral, PublicKeyToken=null" name="CreateTestAndCoverageProcessStartInfo_AllSettingsValid_ValidResult" />
    </UnitTest>
    <UnitTest name="SettersAndGetters" storage="c:\referencematerial\06 programming projects\dojotimer\continousclientintegration.business.tests\bin\debug\continuousclientintegration.business.tests.dll" id="14142afb-a52e-53d2-5986-0505f28401eb">
      <Execution id="a6f1d8b8-fc9c-4640-96e6-14f55337fcee" />
      <TestMethod codeBase="C:/ReferenceMaterial/06 Programming Projects/DojoTimer/ContinousClientIntegration.Business.Tests/bin/Debug/ContinuousClientIntegration.Business.Tests.DLL" adapterTypeName="Microsoft.VisualStudio.TestTools.TestTypes.Unit.UnitTestAdapter, Microsoft.VisualStudio.QualityTools.Tips.UnitTest.Adapter, Version=10.0.0.0, Culture=neutral, PublicKeyToken=b03f5f7f11d50a3a" className="ContinuousClientIntegration.Business.Tests.TestResultsTests, ContinuousClientIntegration.Business.Tests, Version=1.0.0.0, Culture=neutral, PublicKeyToken=null" name="SettersAndGetters" />
    </UnitTest>
    <UnitTest name="DefaultValues" storage="c:\referencematerial\06 programming projects\dojotimer\continousclientintegration.business.tests\bin\debug\continuousclientintegration.business.tests.dll" id="c02a31d2-04af-ffb6-54d7-333b2b85bb05">
      <Execution id="526fdb6f-4491-4a11-bc6f-54f9dbe87d39" />
      <TestMethod codeBase="C:/ReferenceMaterial/06 Programming Projects/DojoTimer/ContinousClientIntegration.Business.Tests/bin/Debug/ContinuousClientIntegration.Business.Tests.DLL" adapterTypeName="Microsoft.VisualStudio.TestTools.TestTypes.Unit.UnitTestAdapter, Microsoft.VisualStudio.QualityTools.Tips.UnitTest.Adapter, Version=10.0.0.0, Culture=neutral, PublicKeyToken=b03f5f7f11d50a3a" className="ContinuousClientIntegration.Business.Tests.TestResultsTests, ContinuousClientIntegration.Business.Tests, Version=1.0.0.0, Culture=neutral, PublicKeyToken=null" name="DefaultValues" />
    </UnitTest>
    <UnitTest name="CreateWithEmptySettings" storage="c:\referencematerial\06 programming projects\dojotimer\continousclientintegration.business.tests\bin\debug\continuousclientintegration.business.tests.dll" id="b0579bcd-6895-8f95-d9b5-b0684ecea411">
      <Execution id="dd1d5af3-9b4c-43f6-ac71-6f9b406fa4aa" />
      <TestMethod codeBase="C:/ReferenceMaterial/06 Programming Projects/DojoTimer/ContinousClientIntegration.Business.Tests/bin/Debug/ContinuousClientIntegration.Business.Tests.DLL" adapterTypeName="Microsoft.VisualStudio.TestTools.TestTypes.Unit.UnitTestAdapter, Microsoft.VisualStudio.QualityTools.Tips.UnitTest.Adapter, Version=10.0.0.0, Culture=neutral, PublicKeyToken=b03f5f7f11d50a3a" className="ContinuousClientIntegration.Business.Tests.ContinuousIntegrationClientProcessTests, ContinuousClientIntegration.Business.Tests, Version=1.0.0.0, Culture=neutral, PublicKeyToken=null" name="CreateWithEmptySettings" />
    </UnitTest>
    <UnitTest name="GettersAndSetters" storage="c:\referencematerial\06 programming projects\dojotimer\continousclientintegration.business.tests\bin\debug\continuousclientintegration.business.tests.dll" id="85a1d4a4-e070-6d79-125b-696462a66d74">
      <Execution id="bc923aba-bcf2-4fe2-bfd6-e1f8a9c8f613" />
      <TestMethod codeBase="C:/ReferenceMaterial/06 Programming Projects/DojoTimer/ContinousClientIntegration.Business.Tests/bin/Debug/ContinuousClientIntegration.Business.Tests.DLL" adapterTypeName="Microsoft.VisualStudio.TestTools.TestTypes.Unit.UnitTestAdapter, Microsoft.VisualStudio.QualityTools.Tips.UnitTest.Adapter, Version=10.0.0.0, Culture=neutral, PublicKeyToken=b03f5f7f11d50a3a" className="ContinuousClientIntegration.Business.Tests.SettingsTests, ContinuousClientIntegration.Business.Tests, Version=1.0.0.0, Culture=neutral, PublicKeyToken=null" name="GettersAndSetters" />
    </UnitTest>
    <UnitTest name="GetTimeStamp_RegularDate_ValidValue" storage="c:\referencematerial\06 programming projects\dojotimer\continousclientintegration.business.tests\bin\debug\continuousclientintegration.business.tests.dll" id="a66229e5-2a9d-483e-4f3f-136897142cef">
      <Execution id="00873553-6149-45a8-851f-6eda5667087c" />
      <TestMethod codeBase="C:/ReferenceMaterial/06 Programming Projects/DojoTimer/ContinousClientIntegration.Business.Tests/bin/Debug/ContinuousClientIntegration.Business.Tests.DLL" adapterTypeName="Microsoft.VisualStudio.TestTools.TestTypes.Unit.UnitTestAdapter, Microsoft.VisualStudio.QualityTools.Tips.UnitTest.Adapter, Version=10.0.0.0, Culture=neutral, PublicKeyToken=b03f5f7f11d50a3a" className="ContinuousClientIntegration.Business.Tests.StatisticsLoggerTests, ContinuousClientIntegration.Business.Tests, Version=1.0.0.0, Culture=neutral, PublicKeyToken=null" name="GetTimeStamp_RegularDate_ValidValue" />
    </UnitTest>
    <UnitTest name="LogEvent_BuildFailure_AddEvent_EvellntAdded" storage="c:\referencematerial\06 programming projects\dojotimer\continousclientintegration.business.tests\bin\debug\continuousclientintegration.business.tests.dll" id="dcf0bf7f-dffa-fdbd-8860-04903eb8af6a">
      <Execution id="f7222dc5-0acf-4e2b-8f31-e9f21cc7082f" />
      <TestMethod codeBase="C:/ReferenceMaterial/06 Programming Projects/DojoTimer/ContinousClientIntegration.Business.Tests/bin/Debug/ContinuousClientIntegration.Business.Tests.DLL" adapterTypeName="Microsoft.VisualStudio.TestTools.TestTypes.Unit.UnitTestAdapter, Microsoft.VisualStudio.QualityTools.Tips.UnitTest.Adapter, Version=10.0.0.0, Culture=neutral, PublicKeyToken=b03f5f7f11d50a3a" className="ContinuousClientIntegration.Business.Tests.StatisticsLoggerTests, ContinuousClientIntegration.Business.Tests, Version=1.0.0.0, Culture=neutral, PublicKeyToken=null" name="LogEvent_BuildFailure_AddEvent_EvellntAdded" />
    </UnitTest>
    <UnitTest name="LogEvent_BuildFailure_AddEvent_EventAdded" storage="c:\referencematerial\06 programming projects\dojotimer\continousclientintegration.business.tests\bin\debug\continuousclientintegration.business.tests.dll" id="e513c20a-14cf-8f34-e66d-0dfee820951a">
      <Execution id="cccbdb14-5a0d-4cde-9ffc-e62b7d016c5b" />
      <TestMethod codeBase="C:/ReferenceMaterial/06 Programming Projects/DojoTimer/ContinousClientIntegration.Business.Tests/bin/Debug/ContinuousClientIntegration.Business.Tests.DLL" adapterTypeName="Microsoft.VisualStudio.TestTools.TestTypes.Unit.UnitTestAdapter, Microsoft.VisualStudio.QualityTools.Tips.UnitTest.Adapter, Version=10.0.0.0, Culture=neutral, PublicKeyToken=b03f5f7f11d50a3a" className="ContinuousClientIntegration.Business.Tests.StatisticsLoggerTests, ContinuousClientIntegration.Business.Tests, Version=1.0.0.0, Culture=neutral, PublicKeyToken=null" name="LogEvent_BuildFailure_AddEvent_EventAdded" />
    </UnitTest>
    <UnitTest name="AnalyzeCoverage_ThreeAssemblies_10percentCoverage" storage="c:\referencematerial\06 programming projects\dojotimer\continousclientintegration.business.tests\bin\debug\continuousclientintegration.business.tests.dll" id="8d5e9695-286d-6656-3fb8-5929058e10af">
      <Execution id="2f700fa5-7ca9-49e3-aaad-ab2ccafba84c" />
      <TestMethod codeBase="C:/ReferenceMaterial/06 Programming Projects/DojoTimer/ContinousClientIntegration.Business.Tests/bin/Debug/ContinuousClientIntegration.Business.Tests.DLL" adapterTypeName="Microsoft.VisualStudio.TestTools.TestTypes.Unit.UnitTestAdapter, Microsoft.VisualStudio.QualityTools.Tips.UnitTest.Adapter, Version=10.0.0.0, Culture=neutral, PublicKeyToken=b03f5f7f11d50a3a" className="ContinuousClientIntegration.Business.Tests.CoveredAssemblySetTests, ContinuousClientIntegration.Business.Tests, Version=1.0.0.0, Culture=neutral, PublicKeyToken=null" name="AnalyzeCoverage_ThreeAssemblies_10percentCoverage" />
    </UnitTest>
    <UnitTest name="LogEvent_EndTimer_AddEvent_EventAdded" storage="c:\referencematerial\06 programming projects\dojotimer\continousclientintegration.business.tests\bin\debug\continuousclientintegration.business.tests.dll" id="d204e93c-511d-cd25-af62-2249661de53c">
      <Execution id="9917dd7b-7637-4f48-85c8-ea1987279e93" />
      <TestMethod codeBase="C:/ReferenceMaterial/06 Programming Projects/DojoTimer/ContinousClientIntegration.Business.Tests/bin/Debug/ContinuousClientIntegration.Business.Tests.DLL" adapterTypeName="Microsoft.VisualStudio.TestTools.TestTypes.Unit.UnitTestAdapter, Microsoft.VisualStudio.QualityTools.Tips.UnitTest.Adapter, Version=10.0.0.0, Culture=neutral, PublicKeyToken=b03f5f7f11d50a3a" className="ContinuousClientIntegration.Business.Tests.StatisticsLoggerTests, ContinuousClientIntegration.Business.Tests, Version=1.0.0.0, Culture=neutral, PublicKeyToken=null" name="LogEvent_EndTimer_AddEvent_EventAdded" />
    </UnitTest>
    <UnitTest name="GetCoverage_TwoMethodsSomeCoverage_100" storage="c:\referencematerial\06 programming projects\dojotimer\continousclientintegration.business.tests\bin\debug\continuousclientintegration.business.tests.dll" id="0ca44dba-621e-f1ad-1203-c13b8185522c">
      <Execution id="0b76dbb9-7394-4576-a7d0-7155af35c8f5" />
      <TestMethod codeBase="C:/ReferenceMaterial/06 Programming Projects/DojoTimer/ContinousClientIntegration.Business.Tests/bin/Debug/ContinuousClientIntegration.Business.Tests.DLL" adapterTypeName="Microsoft.VisualStudio.TestTools.TestTypes.Unit.UnitTestAdapter, Microsoft.VisualStudio.QualityTools.Tips.UnitTest.Adapter, Version=10.0.0.0, Culture=neutral, PublicKeyToken=b03f5f7f11d50a3a" className="ContinuousClientIntegration.Business.Tests.CoveredAssemblyTests, ContinuousClientIntegration.Business.Tests, Version=1.0.0.0, Culture=neutral, PublicKeyToken=null" name="GetCoverage_TwoMethodsSomeCoverage_100" />
    </UnitTest>
    <UnitTest name="GetLogFilePath_RegularDate_ValidValue" storage="c:\referencematerial\06 programming projects\dojotimer\continousclientintegration.business.tests\bin\debug\continuousclientintegration.business.tests.dll" id="3c3cd40b-3273-26f4-e886-822c2994362d">
      <Execution id="20961216-3afc-4b49-935b-977be9f85121" />
      <TestMethod codeBase="C:/ReferenceMaterial/06 Programming Projects/DojoTimer/ContinousClientIntegration.Business.Tests/bin/Debug/ContinuousClientIntegration.Business.Tests.DLL" adapterTypeName="Microsoft.VisualStudio.TestTools.TestTypes.Unit.UnitTestAdapter, Microsoft.VisualStudio.QualityTools.Tips.UnitTest.Adapter, Version=10.0.0.0, Culture=neutral, PublicKeyToken=b03f5f7f11d50a3a" className="ContinuousClientIntegration.Business.Tests.StatisticsLoggerTests, ContinuousClientIntegration.Business.Tests, Version=1.0.0.0, Culture=neutral, PublicKeyToken=null" name="GetLogFilePath_RegularDate_ValidValue" />
    </UnitTest>
    <UnitTest name="GetCoverage_1MethodNoCoverage_0" storage="c:\referencematerial\06 programming projects\dojotimer\continousclientintegration.business.tests\bin\debug\continuousclientintegration.business.tests.dll" id="f0aee7aa-7284-6aed-851e-73c60540a7d6">
      <Execution id="2fc5e8fe-ecde-46f0-9612-c6c3952d1f23" />
      <TestMethod codeBase="C:/ReferenceMaterial/06 Programming Projects/DojoTimer/ContinousClientIntegration.Business.Tests/bin/Debug/ContinuousClientIntegration.Business.Tests.DLL" adapterTypeName="Microsoft.VisualStudio.TestTools.TestTypes.Unit.UnitTestAdapter, Microsoft.VisualStudio.QualityTools.Tips.UnitTest.Adapter, Version=10.0.0.0, Culture=neutral, PublicKeyToken=b03f5f7f11d50a3a" className="ContinuousClientIntegration.Business.Tests.CoveredAssemblyTests, ContinuousClientIntegration.Business.Tests, Version=1.0.0.0, Culture=neutral, PublicKeyToken=null" name="GetCoverage_1MethodNoCoverage_0" />
    </UnitTest>
    <UnitTest name="NoCleanUp" storage="c:\referencematerial\06 programming projects\dojotimer\continousclientintegration.business.tests\bin\debug\continuousclientintegration.business.tests.dll" id="0d08e916-3410-49f7-3d25-7f0d682d9ec0">
      <Execution id="2780bd33-c528-4a39-ae5b-4ce6b77d39fa" />
      <TestMethod codeBase="C:/ReferenceMaterial/06 Programming Projects/DojoTimer/ContinousClientIntegration.Business.Tests/bin/Debug/ContinuousClientIntegration.Business.Tests.DLL" adapterTypeName="Microsoft.VisualStudio.TestTools.TestTypes.Unit.UnitTestAdapter, Microsoft.VisualStudio.QualityTools.Tips.UnitTest.Adapter, Version=10.0.0.0, Culture=neutral, PublicKeyToken=b03f5f7f11d50a3a" className="ContinuousClientIntegration.Business.Tests.ContinuousIntegrationClientProcessTests, ContinuousClientIntegration.Business.Tests, Version=1.0.0.0, Culture=neutral, PublicKeyToken=null" name="NoCleanUp" />
    </UnitTest>
    <UnitTest name="ReadDataRangesFromXmlDocument_2Assemblies_4Ranges" storage="c:\referencematerial\06 programming projects\dojotimer\continousclientintegration.business.tests\bin\debug\continuousclientintegration.business.tests.dll" id="2328c657-bb67-0c98-4bef-7b89c9415212">
      <Execution id="6ec912e7-123b-414c-86f8-e0994672d287" />
      <TestMethod codeBase="C:/ReferenceMaterial/06 Programming Projects/DojoTimer/ContinousClientIntegration.Business.Tests/bin/Debug/ContinuousClientIntegration.Business.Tests.DLL" adapterTypeName="Microsoft.VisualStudio.TestTools.TestTypes.Unit.UnitTestAdapter, Microsoft.VisualStudio.QualityTools.Tips.UnitTest.Adapter, Version=10.0.0.0, Culture=neutral, PublicKeyToken=b03f5f7f11d50a3a" className="ContinuousClientIntegration.Business.Tests.DataRangeReaderTests, ContinuousClientIntegration.Business.Tests, Version=1.0.0.0, Culture=neutral, PublicKeyToken=null" name="ReadDataRangesFromXmlDocument_2Assemblies_4Ranges" />
    </UnitTest>
    <UnitTest name="CreateNewSubdirName_ValidDate_" storage="c:\referencematerial\06 programming projects\dojotimer\continousclientintegration.business.tests\bin\debug\continuousclientintegration.business.tests.dll" id="811c387b-2824-7c98-5e12-9046fb7e7555">
      <Execution id="3d544e5c-3eb1-4240-821d-9d9ab8cde7da" />
      <TestMethod codeBase="C:/ReferenceMaterial/06 Programming Projects/DojoTimer/ContinousClientIntegration.Business.Tests/bin/Debug/ContinuousClientIntegration.Business.Tests.DLL" adapterTypeName="Microsoft.VisualStudio.TestTools.TestTypes.Unit.UnitTestAdapter, Microsoft.VisualStudio.QualityTools.Tips.UnitTest.Adapter, Version=10.0.0.0, Culture=neutral, PublicKeyToken=b03f5f7f11d50a3a" className="ContinuousClientIntegration.Business.Tests.ContinuousIntegrationClientProcessTests, ContinuousClientIntegration.Business.Tests, Version=1.0.0.0, Culture=neutral, PublicKeyToken=null" name="CreateNewSubdirName_ValidDate_" />
    </UnitTest>
    <UnitTest name="CreateCompileProcessStartInfo_AllSettingsValid_ValidResult" storage="c:\referencematerial\06 programming projects\dojotimer\continousclientintegration.business.tests\bin\debug\continuousclientintegration.business.tests.dll" id="e90aa830-31b1-c2db-7394-b334fe008bf6">
      <Execution id="970b5406-1528-4953-9689-9affdbf4b19f" />
      <TestMethod codeBase="C:/ReferenceMaterial/06 Programming Projects/DojoTimer/ContinousClientIntegration.Business.Tests/bin/Debug/ContinuousClientIntegration.Business.Tests.DLL" adapterTypeName="Microsoft.VisualStudio.TestTools.TestTypes.Unit.UnitTestAdapter, Microsoft.VisualStudio.QualityTools.Tips.UnitTest.Adapter, Version=10.0.0.0, Culture=neutral, PublicKeyToken=b03f5f7f11d50a3a" className="ContinuousClientIntegration.Business.Tests.ProcessStartInfoFactoryTests, ContinuousClientIntegration.Business.Tests, Version=1.0.0.0, Culture=neutral, PublicKeyToken=null" name="CreateCompileProcessStartInfo_AllSettingsValid_ValidResult" />
    </UnitTest>
    <UnitTest name="LogEvent_StartTimer_AddEvent_EventAdded" storage="c:\referencematerial\06 programming projects\dojotimer\continousclientintegration.business.tests\bin\debug\continuousclientintegration.business.tests.dll" id="f596561f-6125-cba0-cd8e-82c2b6621e71">
      <Execution id="7f406c4f-0698-48f9-9e73-46e9f2d9fd50" />
      <TestMethod codeBase="C:/ReferenceMaterial/06 Programming Projects/DojoTimer/ContinousClientIntegration.Business.Tests/bin/Debug/ContinuousClientIntegration.Business.Tests.DLL" adapterTypeName="Microsoft.VisualStudio.TestTools.TestTypes.Unit.UnitTestAdapter, Microsoft.VisualStudio.QualityTools.Tips.UnitTest.Adapter, Version=10.0.0.0, Culture=neutral, PublicKeyToken=b03f5f7f11d50a3a" className="ContinuousClientIntegration.Business.Tests.StatisticsLoggerTests, ContinuousClientIntegration.Business.Tests, Version=1.0.0.0, Culture=neutral, PublicKeyToken=null" name="LogEvent_StartTimer_AddEvent_EventAdded" />
    </UnitTest>
    <UnitTest name="InterpretTestResults_PassingTests_PropertiesSet" storage="c:\referencematerial\06 programming projects\dojotimer\continousclientintegration.business.tests\bin\debug\continuousclientintegration.business.tests.dll" id="896699dd-dbfa-624a-26d0-97a7fa3dc5c9">
      <Execution id="8adc0dd8-d1bc-4209-acbf-98bc38ee05eb" />
      <TestMethod codeBase="C:/ReferenceMaterial/06 Programming Projects/DojoTimer/ContinousClientIntegration.Business.Tests/bin/Debug/ContinuousClientIntegration.Business.Tests.DLL" adapterTypeName="Microsoft.VisualStudio.TestTools.TestTypes.Unit.UnitTestAdapter, Microsoft.VisualStudio.QualityTools.Tips.UnitTest.Adapter, Version=10.0.0.0, Culture=neutral, PublicKeyToken=b03f5f7f11d50a3a" className="ContinuousClientIntegration.Business.Tests.TestResultsInterpreterTests, ContinuousClientIntegration.Business.Tests, Version=1.0.0.0, Culture=neutral, PublicKeyToken=null" name="InterpretTestResults_PassingTests_PropertiesSet" />
    </UnitTest>
    <UnitTest name="CleanUp" storage="c:\referencematerial\06 programming projects\dojotimer\continousclientintegration.business.tests\bin\debug\continuousclientintegration.business.tests.dll" id="b0f347e3-bf6d-a929-f17d-ceec533c4f60">
      <Execution id="6d247f7c-f508-40f3-b60c-46c7bb0d55d0" />
      <TestMethod codeBase="C:/ReferenceMaterial/06 Programming Projects/DojoTimer/ContinousClientIntegration.Business.Tests/bin/Debug/ContinuousClientIntegration.Business.Tests.DLL" adapterTypeName="Microsoft.VisualStudio.TestTools.TestTypes.Unit.UnitTestAdapter, Microsoft.VisualStudio.QualityTools.Tips.UnitTest.Adapter, Version=10.0.0.0, Culture=neutral, PublicKeyToken=b03f5f7f11d50a3a" className="ContinuousClientIntegration.Business.Tests.ContinuousIntegrationClientProcessTests, ContinuousClientIntegration.Business.Tests, Version=1.0.0.0, Culture=neutral, PublicKeyToken=null" name="CleanUp" />
    </UnitTest>
    <UnitTest name="GetCoverage_NoMethods_0" storage="c:\referencematerial\06 programming projects\dojotimer\continousclientintegration.business.tests\bin\debug\continuousclientintegration.business.tests.dll" id="375a3e6e-e81b-adcc-e687-563b8e5c6744">
      <Execution id="1a34fc8e-d0f8-4934-b608-7d5ba3a237a5" />
      <TestMethod codeBase="C:/ReferenceMaterial/06 Programming Projects/DojoTimer/ContinousClientIntegration.Business.Tests/bin/Debug/ContinuousClientIntegration.Business.Tests.DLL" adapterTypeName="Microsoft.VisualStudio.TestTools.TestTypes.Unit.UnitTestAdapter, Microsoft.VisualStudio.QualityTools.Tips.UnitTest.Adapter, Version=10.0.0.0, Culture=neutral, PublicKeyToken=b03f5f7f11d50a3a" className="ContinuousClientIntegration.Business.Tests.CoveredAssemblyTests, ContinuousClientIntegration.Business.Tests, Version=1.0.0.0, Culture=neutral, PublicKeyToken=null" name="GetCoverage_NoMethods_0" />
    </UnitTest>
    <UnitTest name="ParseDouble_ValidValue_ValidResult" storage="c:\referencematerial\06 programming projects\dojotimer\continousclientintegration.business.tests\bin\debug\continuousclientintegration.business.tests.dll" id="3de001b4-c91b-95cb-24b4-181bb7f74463">
      <Execution id="ecb9b6e7-b4b6-470c-8339-2d9b03e283db" />
      <TestMethod codeBase="C:/ReferenceMaterial/06 Programming Projects/DojoTimer/ContinousClientIntegration.Business.Tests/bin/Debug/ContinuousClientIntegration.Business.Tests.DLL" adapterTypeName="Microsoft.VisualStudio.TestTools.TestTypes.Unit.UnitTestAdapter, Microsoft.VisualStudio.QualityTools.Tips.UnitTest.Adapter, Version=10.0.0.0, Culture=neutral, PublicKeyToken=b03f5f7f11d50a3a" className="ContinuousClientIntegration.Business.Tests.DataRangeReaderTests, ContinuousClientIntegration.Business.Tests, Version=1.0.0.0, Culture=neutral, PublicKeyToken=null" name="ParseDouble_ValidValue_ValidResult" />
    </UnitTest>
    <UnitTest name="CreateTestProcessStartInfo_AllSettingsValid_ValidResult" storage="c:\referencematerial\06 programming projects\dojotimer\continousclientintegration.business.tests\bin\debug\continuousclientintegration.business.tests.dll" id="c834a2ec-3aa5-a8e5-b75b-b7aaa18ffd00">
      <Execution id="5f87267e-98f6-474d-bb2a-38939d3cac78" />
      <TestMethod codeBase="C:/ReferenceMaterial/06 Programming Projects/DojoTimer/ContinousClientIntegration.Business.Tests/bin/Debug/ContinuousClientIntegration.Business.Tests.DLL" adapterTypeName="Microsoft.VisualStudio.TestTools.TestTypes.Unit.UnitTestAdapter, Microsoft.VisualStudio.QualityTools.Tips.UnitTest.Adapter, Version=10.0.0.0, Culture=neutral, PublicKeyToken=b03f5f7f11d50a3a" className="ContinuousClientIntegration.Business.Tests.ProcessStartInfoFactoryTests, ContinuousClientIntegration.Business.Tests, Version=1.0.0.0, Culture=neutral, PublicKeyToken=null" name="CreateTestProcessStartInfo_AllSettingsValid_ValidResult" />
    </UnitTest>
    <UnitTest name="CreateStyleCopProcessStartInfo_AllSettingsValid_ValidResult" storage="c:\referencematerial\06 programming projects\dojotimer\continousclientintegration.business.tests\bin\debug\continuousclientintegration.business.tests.dll" id="fdfd04ab-30d4-27e9-b9d4-3b55bfc71c68">
      <Execution id="c3388768-f74e-4218-891c-b1da01b64cb5" />
      <TestMethod codeBase="C:/ReferenceMaterial/06 Programming Projects/DojoTimer/ContinousClientIntegration.Business.Tests/bin/Debug/ContinuousClientIntegration.Business.Tests.DLL" adapterTypeName="Microsoft.VisualStudio.TestTools.TestTypes.Unit.UnitTestAdapter, Microsoft.VisualStudio.QualityTools.Tips.UnitTest.Adapter, Version=10.0.0.0, Culture=neutral, PublicKeyToken=b03f5f7f11d50a3a" className="ContinuousClientIntegration.Business.Tests.ProcessStartInfoFactoryTests, ContinuousClientIntegration.Business.Tests, Version=1.0.0.0, Culture=neutral, PublicKeyToken=null" name="CreateStyleCopProcessStartInfo_AllSettingsValid_ValidResult" />
    </UnitTest>
    <UnitTest name="InterpretTestResults_FailingTest_PropertiesSet" storage="c:\referencematerial\06 programming projects\dojotimer\continousclientintegration.business.tests\bin\debug\continuousclientintegration.business.tests.dll" id="1f8ecec2-a2ae-d753-03ea-8b07a4ac02c4">
      <Execution id="19d57ace-9183-4349-a96c-02674656e600" />
      <TestMethod codeBase="C:/ReferenceMaterial/06 Programming Projects/DojoTimer/ContinousClientIntegration.Business.Tests/bin/Debug/ContinuousClientIntegration.Business.Tests.DLL" adapterTypeName="Microsoft.VisualStudio.TestTools.TestTypes.Unit.UnitTestAdapter, Microsoft.VisualStudio.QualityTools.Tips.UnitTest.Adapter, Version=10.0.0.0, Culture=neutral, PublicKeyToken=b03f5f7f11d50a3a" className="ContinuousClientIntegration.Business.Tests.TestResultsInterpreterTests, ContinuousClientIntegration.Business.Tests, Version=1.0.0.0, Culture=neutral, PublicKeyToken=null" name="InterpretTestResults_FailingTest_PropertiesSet" />
    </UnitTest>
    <UnitTest name="LogEvent_BuildSuccess_AddEvent_EventAdded" storage="c:\referencematerial\06 programming projects\dojotimer\continousclientintegration.business.tests\bin\debug\continuousclientintegration.business.tests.dll" id="37e462f0-d870-9f99-65d8-ab10616f6cda">
      <Execution id="d6f5e945-4805-4617-9fc1-ea04e5dae1e8" />
      <TestMethod codeBase="C:/ReferenceMaterial/06 Programming Projects/DojoTimer/ContinousClientIntegration.Business.Tests/bin/Debug/ContinuousClientIntegration.Business.Tests.DLL" adapterTypeName="Microsoft.VisualStudio.TestTools.TestTypes.Unit.UnitTestAdapter, Microsoft.VisualStudio.QualityTools.Tips.UnitTest.Adapter, Version=10.0.0.0, Culture=neutral, PublicKeyToken=b03f5f7f11d50a3a" className="ContinuousClientIntegration.Business.Tests.StatisticsLoggerTests, ContinuousClientIntegration.Business.Tests, Version=1.0.0.0, Culture=neutral, PublicKeyToken=null" name="LogEvent_BuildSuccess_AddEvent_EventAdded" />
    </UnitTest>
  </TestDefinitions>
  <TestLists>
    <TestList name="Results Not in a List" id="8c84fa94-04c1-424b-9868-57a2d4851a1d" />
    <TestList name="All Loaded Results" id="19431567-8539-422a-85d7-44ee4e166bda" />
  </TestLists>
  <TestEntries>
    <TestEntry testId="0ca44dba-621e-f1ad-1203-c13b8185522c" executionId="0b76dbb9-7394-4576-a7d0-7155af35c8f5" testListId="8c84fa94-04c1-424b-9868-57a2d4851a1d" />
    <TestEntry testId="0d08e916-3410-49f7-3d25-7f0d682d9ec0" executionId="2780bd33-c528-4a39-ae5b-4ce6b77d39fa" testListId="8c84fa94-04c1-424b-9868-57a2d4851a1d" />
    <TestEntry testId="14142afb-a52e-53d2-5986-0505f28401eb" executionId="a6f1d8b8-fc9c-4640-96e6-14f55337fcee" testListId="8c84fa94-04c1-424b-9868-57a2d4851a1d" />
    <TestEntry testId="1f8ecec2-a2ae-d753-03ea-8b07a4ac02c4" executionId="19d57ace-9183-4349-a96c-02674656e600" testListId="8c84fa94-04c1-424b-9868-57a2d4851a1d" />
    <TestEntry testId="2328c657-bb67-0c98-4bef-7b89c9415212" executionId="6ec912e7-123b-414c-86f8-e0994672d287" testListId="8c84fa94-04c1-424b-9868-57a2d4851a1d" />
    <TestEntry testId="375a3e6e-e81b-adcc-e687-563b8e5c6744" executionId="1a34fc8e-d0f8-4934-b608-7d5ba3a237a5" testListId="8c84fa94-04c1-424b-9868-57a2d4851a1d" />
    <TestEntry testId="37e462f0-d870-9f99-65d8-ab10616f6cda" executionId="d6f5e945-4805-4617-9fc1-ea04e5dae1e8" testListId="8c84fa94-04c1-424b-9868-57a2d4851a1d" />
    <TestEntry testId="3c3cd40b-3273-26f4-e886-822c2994362d" executionId="20961216-3afc-4b49-935b-977be9f85121" testListId="8c84fa94-04c1-424b-9868-57a2d4851a1d" />
    <TestEntry testId="3de001b4-c91b-95cb-24b4-181bb7f74463" executionId="ecb9b6e7-b4b6-470c-8339-2d9b03e283db" testListId="8c84fa94-04c1-424b-9868-57a2d4851a1d" />
    <TestEntry testId="58c1185b-7098-f400-7fa5-5068242d621b" executionId="5b5a5f80-b28a-4771-8c67-00745e635869" testListId="8c84fa94-04c1-424b-9868-57a2d4851a1d" />
    <TestEntry testId="779a95ba-82ba-92c6-b0d2-8d24e59961d7" executionId="a2b91365-9bd2-4e21-af52-7b3cdfd03fa8" testListId="8c84fa94-04c1-424b-9868-57a2d4851a1d" />
    <TestEntry testId="811c387b-2824-7c98-5e12-9046fb7e7555" executionId="3d544e5c-3eb1-4240-821d-9d9ab8cde7da" testListId="8c84fa94-04c1-424b-9868-57a2d4851a1d" />
    <TestEntry testId="85a1d4a4-e070-6d79-125b-696462a66d74" executionId="bc923aba-bcf2-4fe2-bfd6-e1f8a9c8f613" testListId="8c84fa94-04c1-424b-9868-57a2d4851a1d" />
    <TestEntry testId="896699dd-dbfa-624a-26d0-97a7fa3dc5c9" executionId="8adc0dd8-d1bc-4209-acbf-98bc38ee05eb" testListId="8c84fa94-04c1-424b-9868-57a2d4851a1d" />
    <TestEntry testId="8d5e9695-286d-6656-3fb8-5929058e10af" executionId="2f700fa5-7ca9-49e3-aaad-ab2ccafba84c" testListId="8c84fa94-04c1-424b-9868-57a2d4851a1d" />
    <TestEntry testId="a66229e5-2a9d-483e-4f3f-136897142cef" executionId="00873553-6149-45a8-851f-6eda5667087c" testListId="8c84fa94-04c1-424b-9868-57a2d4851a1d" />
    <TestEntry testId="b0579bcd-6895-8f95-d9b5-b0684ecea411" executionId="dd1d5af3-9b4c-43f6-ac71-6f9b406fa4aa" testListId="8c84fa94-04c1-424b-9868-57a2d4851a1d" />
    <TestEntry testId="b0f347e3-bf6d-a929-f17d-ceec533c4f60" executionId="6d247f7c-f508-40f3-b60c-46c7bb0d55d0" testListId="8c84fa94-04c1-424b-9868-57a2d4851a1d" />
    <TestEntry testId="c02a31d2-04af-ffb6-54d7-333b2b85bb05" executionId="526fdb6f-4491-4a11-bc6f-54f9dbe87d39" testListId="8c84fa94-04c1-424b-9868-57a2d4851a1d" />
    <TestEntry testId="c834a2ec-3aa5-a8e5-b75b-b7aaa18ffd00" executionId="5f87267e-98f6-474d-bb2a-38939d3cac78" testListId="8c84fa94-04c1-424b-9868-57a2d4851a1d" />
    <TestEntry testId="d204e93c-511d-cd25-af62-2249661de53c" executionId="9917dd7b-7637-4f48-85c8-ea1987279e93" testListId="8c84fa94-04c1-424b-9868-57a2d4851a1d" />
    <TestEntry testId="dcf0bf7f-dffa-fdbd-8860-04903eb8af6a" executionId="f7222dc5-0acf-4e2b-8f31-e9f21cc7082f" testListId="8c84fa94-04c1-424b-9868-57a2d4851a1d" />
    <TestEntry testId="e513c20a-14cf-8f34-e66d-0dfee820951a" executionId="cccbdb14-5a0d-4cde-9ffc-e62b7d016c5b" testListId="8c84fa94-04c1-424b-9868-57a2d4851a1d" />
    <TestEntry testId="e90aa830-31b1-c2db-7394-b334fe008bf6" executionId="970b5406-1528-4953-9689-9affdbf4b19f" testListId="8c84fa94-04c1-424b-9868-57a2d4851a1d" />
    <TestEntry testId="eec5cca0-fe95-abfe-1b14-a10c12dce8b5" executionId="73f84ae9-568b-43be-80f1-99a4df91e721" testListId="8c84fa94-04c1-424b-9868-57a2d4851a1d" />
    <TestEntry testId="f0aee7aa-7284-6aed-851e-73c60540a7d6" executionId="2fc5e8fe-ecde-46f0-9612-c6c3952d1f23" testListId="8c84fa94-04c1-424b-9868-57a2d4851a1d" />
    <TestEntry testId="f596561f-6125-cba0-cd8e-82c2b6621e71" executionId="7f406c4f-0698-48f9-9e73-46e9f2d9fd50" testListId="8c84fa94-04c1-424b-9868-57a2d4851a1d" />
    <TestEntry testId="fdfd04ab-30d4-27e9-b9d4-3b55bfc71c68" executionId="c3388768-f74e-4218-891c-b1da01b64cb5" testListId="8c84fa94-04c1-424b-9868-57a2d4851a1d" />
  </TestEntries>
  <Results>
    <UnitTestResult executionId="0b76dbb9-7394-4576-a7d0-7155af35c8f5" testId="0ca44dba-621e-f1ad-1203-c13b8185522c" testName="GetCoverage_TwoMethodsSomeCoverage_100" computerName="NLCKCBX3J" duration="00:00:00.0585892" startTime="2011-03-15T10:44:14.3880444+01:00" endTime="2011-03-15T10:44:15.3722745+01:00" testType="13cdc9d9-ddb5-4fa4-a97d-d965ccfc6d4b" outcome="Passed" testListId="8c84fa94-04c1-424b-9868-57a2d4851a1d" relativeResultsDirectory="0b76dbb9-7394-4576-a7d0-7155af35c8f5">
    </UnitTestResult>
    <UnitTestResult executionId="2780bd33-c528-4a39-ae5b-4ce6b77d39fa" testId="0d08e916-3410-49f7-3d25-7f0d682d9ec0" testName="NoCleanUp" computerName="NLCKCBX3J" duration="00:00:00.0057035" startTime="2011-03-15T10:44:15.4503880+01:00" endTime="2011-03-15T10:44:15.4503880+01:00" testType="13cdc9d9-ddb5-4fa4-a97d-d965ccfc6d4b" outcome="Passed" testListId="8c84fa94-04c1-424b-9868-57a2d4851a1d" relativeResultsDirectory="2780bd33-c528-4a39-ae5b-4ce6b77d39fa">
    </UnitTestResult>
    <UnitTestResult executionId="a6f1d8b8-fc9c-4640-96e6-14f55337fcee" testId="14142afb-a52e-53d2-5986-0505f28401eb" testName="SettersAndGetters" computerName="NLCKCBX3J" duration="00:00:00.0019329" startTime="2011-03-15T10:44:15.5128788+01:00" endTime="2011-03-15T10:44:15.5285015+01:00" testType="13cdc9d9-ddb5-4fa4-a97d-d965ccfc6d4b" outcome="Passed" testListId="8c84fa94-04c1-424b-9868-57a2d4851a1d" relativeResultsDirectory="a6f1d8b8-fc9c-4640-96e6-14f55337fcee">
    </UnitTestResult>
    <UnitTestResult executionId="19d57ace-9183-4349-a96c-02674656e600" testId="1f8ecec2-a2ae-d753-03ea-8b07a4ac02c4" testName="InterpretTestResults_FailingTest_PropertiesSet" computerName="NLCKCBX3J" duration="00:00:00.0687732" startTime="2011-03-15T10:44:15.5753696+01:00" endTime="2011-03-15T10:44:15.6534831+01:00" testType="13cdc9d9-ddb5-4fa4-a97d-d965ccfc6d4b" outcome="Passed" testListId="8c84fa94-04c1-424b-9868-57a2d4851a1d" relativeResultsDirectory="19d57ace-9183-4349-a96c-02674656e600">
    </UnitTestResult>
    <UnitTestResult executionId="6ec912e7-123b-414c-86f8-e0994672d287" testId="2328c657-bb67-0c98-4bef-7b89c9415212" testName="ReadDataRangesFromXmlDocument_2Assemblies_4Ranges" computerName="NLCKCBX3J" duration="00:00:00.0093165" startTime="2011-03-15T10:44:15.7159739+01:00" endTime="2011-03-15T10:44:15.7472193+01:00" testType="13cdc9d9-ddb5-4fa4-a97d-d965ccfc6d4b" outcome="Passed" testListId="8c84fa94-04c1-424b-9868-57a2d4851a1d" relativeResultsDirectory="6ec912e7-123b-414c-86f8-e0994672d287">
    </UnitTestResult>
    <UnitTestResult executionId="1a34fc8e-d0f8-4934-b608-7d5ba3a237a5" testId="375a3e6e-e81b-adcc-e687-563b8e5c6744" testName="GetCoverage_NoMethods_0" computerName="NLCKCBX3J" duration="00:00:00.0007006" startTime="2011-03-15T10:44:15.7628420+01:00" endTime="2011-03-15T10:44:15.7784647+01:00" testType="13cdc9d9-ddb5-4fa4-a97d-d965ccfc6d4b" outcome="Passed" testListId="8c84fa94-04c1-424b-9868-57a2d4851a1d" relativeResultsDirectory="1a34fc8e-d0f8-4934-b608-7d5ba3a237a5">
    </UnitTestResult>
    <UnitTestResult executionId="d6f5e945-4805-4617-9fc1-ea04e5dae1e8" testId="37e462f0-d870-9f99-65d8-ab10616f6cda" testName="LogEvent_BuildSuccess_AddEvent_EventAdded" computerName="NLCKCBX3J" duration="00:00:00.0073204" startTime="2011-03-15T10:44:15.7940874+01:00" endTime="2011-03-15T10:44:15.8097101+01:00" testType="13cdc9d9-ddb5-4fa4-a97d-d965ccfc6d4b" outcome="Passed" testListId="8c84fa94-04c1-424b-9868-57a2d4851a1d" relativeResultsDirectory="d6f5e945-4805-4617-9fc1-ea04e5dae1e8">
    </UnitTestResult>
    <UnitTestResult executionId="20961216-3afc-4b49-935b-977be9f85121" testId="3c3cd40b-3273-26f4-e886-822c2994362d" testName="GetLogFilePath_RegularDate_ValidValue" computerName="NLCKCBX3J" duration="00:00:00.0009680" startTime="2011-03-15T10:44:15.8409555+01:00" endTime="2011-03-15T10:44:15.8565782+01:00" testType="13cdc9d9-ddb5-4fa4-a97d-d965ccfc6d4b" outcome="Passed" testListId="8c84fa94-04c1-424b-9868-57a2d4851a1d" relativeResultsDirectory="20961216-3afc-4b49-935b-977be9f85121">
    </UnitTestResult>
    <UnitTestResult executionId="ecb9b6e7-b4b6-470c-8339-2d9b03e283db" testId="3de001b4-c91b-95cb-24b4-181bb7f74463" testName="ParseDouble_ValidValue_ValidResult" computerName="NLCKCBX3J" duration="00:00:00.0002374" startTime="2011-03-15T10:44:15.9190690+01:00" endTime="2011-03-15T10:44:15.9346917+01:00" testType="13cdc9d9-ddb5-4fa4-a97d-d965ccfc6d4b" outcome="Passed" testListId="8c84fa94-04c1-424b-9868-57a2d4851a1d" relativeResultsDirectory="ecb9b6e7-b4b6-470c-8339-2d9b03e283db">
    </UnitTestResult>
    <UnitTestResult executionId="5b5a5f80-b28a-4771-8c67-00745e635869" testId="58c1185b-7098-f400-7fa5-5068242d621b" testName="ParseDate_ValidDate_ValidResult" computerName="NLCKCBX3J" duration="00:00:00.0004559" startTime="2011-03-15T10:44:15.9346917+01:00" endTime="2011-03-15T10:44:15.9503144+01:00" testType="13cdc9d9-ddb5-4fa4-a97d-d965ccfc6d4b" outcome="Passed" testListId="8c84fa94-04c1-424b-9868-57a2d4851a1d" relativeResultsDirectory="5b5a5f80-b28a-4771-8c67-00745e635869">
    </UnitTestResult>
    <UnitTestResult executionId="a2b91365-9bd2-4e21-af52-7b3cdfd03fa8" testId="779a95ba-82ba-92c6-b0d2-8d24e59961d7" testName="GetCoverage_OneMethodFullCoverage_100" computerName="NLCKCBX3J" duration="00:00:00.0009557" startTime="2011-03-15T10:44:15.9659371+01:00" endTime="2011-03-15T10:44:15.9659371+01:00" testType="13cdc9d9-ddb5-4fa4-a97d-d965ccfc6d4b" outcome="Passed" testListId="8c84fa94-04c1-424b-9868-57a2d4851a1d" relativeResultsDirectory="a2b91365-9bd2-4e21-af52-7b3cdfd03fa8">
    </UnitTestResult>
    <UnitTestResult executionId="3d544e5c-3eb1-4240-821d-9d9ab8cde7da" testId="811c387b-2824-7c98-5e12-9046fb7e7555" testName="CreateNewSubdirName_ValidDate_" computerName="NLCKCBX3J" duration="00:00:00.0006757" startTime="2011-03-15T10:44:15.9971825+01:00" endTime="2011-03-15T10:44:16.0128052+01:00" testType="13cdc9d9-ddb5-4fa4-a97d-d965ccfc6d4b" outcome="Passed" testListId="8c84fa94-04c1-424b-9868-57a2d4851a1d" relativeResultsDirectory="3d544e5c-3eb1-4240-821d-9d9ab8cde7da">
    </UnitTestResult>
    <UnitTestResult executionId="bc923aba-bcf2-4fe2-bfd6-e1f8a9c8f613" testId="85a1d4a4-e070-6d79-125b-696462a66d74" testName="GettersAndSetters" computerName="NLCKCBX3J" duration="00:00:00.0018024" startTime="2011-03-15T10:44:16.0128052+01:00" endTime="2011-03-15T10:44:16.0284279+01:00" testType="13cdc9d9-ddb5-4fa4-a97d-d965ccfc6d4b" outcome="Passed" testListId="8c84fa94-04c1-424b-9868-57a2d4851a1d" relativeResultsDirectory="bc923aba-bcf2-4fe2-bfd6-e1f8a9c8f613">
    </UnitTestResult>
    <UnitTestResult executionId="8adc0dd8-d1bc-4209-acbf-98bc38ee05eb" testId="896699dd-dbfa-624a-26d0-97a7fa3dc5c9" testName="InterpretTestResults_PassingTests_PropertiesSet" computerName="NLCKCBX3J" duration="00:00:00.0016393" startTime="2011-03-15T10:44:16.0440506+01:00" endTime="2011-03-15T10:44:16.0596733+01:00" testType="13cdc9d9-ddb5-4fa4-a97d-d965ccfc6d4b" outcome="Passed" testListId="8c84fa94-04c1-424b-9868-57a2d4851a1d" relativeResultsDirectory="8adc0dd8-d1bc-4209-acbf-98bc38ee05eb">
    </UnitTestResult>
    <UnitTestResult executionId="2f700fa5-7ca9-49e3-aaad-ab2ccafba84c" testId="8d5e9695-286d-6656-3fb8-5929058e10af" testName="AnalyzeCoverage_ThreeAssemblies_10percentCoverage" computerName="NLCKCBX3J" duration="00:00:00.0049062" startTime="2011-03-15T10:44:16.0752960+01:00" endTime="2011-03-15T10:44:16.0909187+01:00" testType="13cdc9d9-ddb5-4fa4-a97d-d965ccfc6d4b" outcome="Passed" testListId="8c84fa94-04c1-424b-9868-57a2d4851a1d" relativeResultsDirectory="2f700fa5-7ca9-49e3-aaad-ab2ccafba84c">
    </UnitTestResult>
    <UnitTestResult executionId="00873553-6149-45a8-851f-6eda5667087c" testId="a66229e5-2a9d-483e-4f3f-136897142cef" testName="GetTimeStamp_RegularDate_ValidValue" computerName="NLCKCBX3J" duration="00:00:00.0008467" startTime="2011-03-15T10:44:16.1065414+01:00" endTime="2011-03-15T10:44:16.1221641+01:00" testType="13cdc9d9-ddb5-4fa4-a97d-d965ccfc6d4b" outcome="Passed" testListId="8c84fa94-04c1-424b-9868-57a2d4851a1d" relativeResultsDirectory="00873553-6149-45a8-851f-6eda5667087c">
    </UnitTestResult>
    <UnitTestResult executionId="dd1d5af3-9b4c-43f6-ac71-6f9b406fa4aa" testId="b0579bcd-6895-8f95-d9b5-b0684ecea411" testName="CreateWithEmptySettings" computerName="NLCKCBX3J" duration="00:00:00.0012426" startTime="2011-03-15T10:44:16.1221641+01:00" endTime="2011-03-15T10:44:16.1377868+01:00" testType="13cdc9d9-ddb5-4fa4-a97d-d965ccfc6d4b" outcome="Passed" testListId="8c84fa94-04c1-424b-9868-57a2d4851a1d" relativeResultsDirectory="dd1d5af3-9b4c-43f6-ac71-6f9b406fa4aa">
    </UnitTestResult>
    <UnitTestResult executionId="6d247f7c-f508-40f3-b60c-46c7bb0d55d0" testId="b0f347e3-bf6d-a929-f17d-ceec533c4f60" testName="CleanUp" computerName="NLCKCBX3J" duration="00:00:00.0004034" startTime="2011-03-15T10:44:16.1534095+01:00" endTime="2011-03-15T10:44:16.1690322+01:00" testType="13cdc9d9-ddb5-4fa4-a97d-d965ccfc6d4b" outcome="Passed" testListId="8c84fa94-04c1-424b-9868-57a2d4851a1d" relativeResultsDirectory="6d247f7c-f508-40f3-b60c-46c7bb0d55d0">
    </UnitTestResult>
    <UnitTestResult executionId="526fdb6f-4491-4a11-bc6f-54f9dbe87d39" testId="c02a31d2-04af-ffb6-54d7-333b2b85bb05" testName="DefaultValues" computerName="NLCKCBX3J" duration="00:00:00.0014761" startTime="2011-03-15T10:44:16.1690322+01:00" endTime="2011-03-15T10:44:16.1846549+01:00" testType="13cdc9d9-ddb5-4fa4-a97d-d965ccfc6d4b" outcome="Passed" testListId="8c84fa94-04c1-424b-9868-57a2d4851a1d" relativeResultsDirectory="526fdb6f-4491-4a11-bc6f-54f9dbe87d39">
    </UnitTestResult>
    <UnitTestResult executionId="5f87267e-98f6-474d-bb2a-38939d3cac78" testId="c834a2ec-3aa5-a8e5-b75b-b7aaa18ffd00" testName="CreateTestProcessStartInfo_AllSettingsValid_ValidResult" computerName="NLCKCBX3J" duration="00:00:00.0062614" startTime="2011-03-15T10:44:16.2159003+01:00" endTime="2011-03-15T10:44:16.2159003+01:00" testType="13cdc9d9-ddb5-4fa4-a97d-d965ccfc6d4b" outcome="Passed" testListId="8c84fa94-04c1-424b-9868-57a2d4851a1d" relativeResultsDirectory="5f87267e-98f6-474d-bb2a-38939d3cac78">
    </UnitTestResult>
    <UnitTestResult executionId="9917dd7b-7637-4f48-85c8-ea1987279e93" testId="d204e93c-511d-cd25-af62-2249661de53c" testName="LogEvent_EndTimer_AddEvent_EventAdded" computerName="NLCKCBX3J" duration="00:00:00.0010023" startTime="2011-03-15T10:44:16.2315230+01:00" endTime="2011-03-15T10:44:16.2471457+01:00" testType="13cdc9d9-ddb5-4fa4-a97d-d965ccfc6d4b" outcome="Passed" testListId="8c84fa94-04c1-424b-9868-57a2d4851a1d" relativeResultsDirectory="9917dd7b-7637-4f48-85c8-ea1987279e93">
    </UnitTestResult>
    <UnitTestResult executionId="f7222dc5-0acf-4e2b-8f31-e9f21cc7082f" testId="dcf0bf7f-dffa-fdbd-8860-04903eb8af6a" testName="LogEvent_BuildFailure_AddEvent_EvellntAdded" computerName="NLCKCBX3J" duration="00:00:00.0016747" startTime="2011-03-15T10:44:16.2627684+01:00" endTime="2011-03-15T10:44:16.2783911+01:00" testType="13cdc9d9-ddb5-4fa4-a97d-d965ccfc6d4b" outcome="Passed" testListId="8c84fa94-04c1-424b-9868-57a2d4851a1d" relativeResultsDirectory="f7222dc5-0acf-4e2b-8f31-e9f21cc7082f">
    </UnitTestResult>
    <UnitTestResult executionId="cccbdb14-5a0d-4cde-9ffc-e62b7d016c5b" testId="e513c20a-14cf-8f34-e66d-0dfee820951a" testName="LogEvent_BuildFailure_AddEvent_EventAdded" computerName="NLCKCBX3J" duration="00:00:00.0005224" startTime="2011-03-15T10:44:16.3096365+01:00" endTime="2011-03-15T10:44:16.3096365+01:00" testType="13cdc9d9-ddb5-4fa4-a97d-d965ccfc6d4b" outcome="Passed" testListId="8c84fa94-04c1-424b-9868-57a2d4851a1d" relativeResultsDirectory="cccbdb14-5a0d-4cde-9ffc-e62b7d016c5b">
    </UnitTestResult>
    <UnitTestResult executionId="970b5406-1528-4953-9689-9affdbf4b19f" testId="e90aa830-31b1-c2db-7394-b334fe008bf6" testName="CreateCompileProcessStartInfo_AllSettingsValid_ValidResult" computerName="NLCKCBX3J" duration="00:00:00.0013172" startTime="2011-03-15T10:44:16.3252592+01:00" endTime="2011-03-15T10:44:16.3408819+01:00" testType="13cdc9d9-ddb5-4fa4-a97d-d965ccfc6d4b" outcome="Passed" testListId="8c84fa94-04c1-424b-9868-57a2d4851a1d" relativeResultsDirectory="970b5406-1528-4953-9689-9affdbf4b19f">
    </UnitTestResult>
    <UnitTestResult executionId="73f84ae9-568b-43be-80f1-99a4df91e721" testId="eec5cca0-fe95-abfe-1b14-a10c12dce8b5" testName="CreateTestAndCoverageProcessStartInfo_AllSettingsValid_ValidResult" computerName="NLCKCBX3J" duration="00:00:00.0049777" startTime="2011-03-15T10:44:16.3721273+01:00" endTime="2011-03-15T10:44:16.3877500+01:00" testType="13cdc9d9-ddb5-4fa4-a97d-d965ccfc6d4b" outcome="Passed" testListId="8c84fa94-04c1-424b-9868-57a2d4851a1d" relativeResultsDirectory="73f84ae9-568b-43be-80f1-99a4df91e721">
    </UnitTestResult>
    <UnitTestResult executionId="2fc5e8fe-ecde-46f0-9612-c6c3952d1f23" testId="f0aee7aa-7284-6aed-851e-73c60540a7d6" testName="GetCoverage_1MethodNoCoverage_0" computerName="NLCKCBX3J" duration="00:00:00.0009587" startTime="2011-03-15T10:44:16.4033727+01:00" endTime="2011-03-15T10:44:16.4189954+01:00" testType="13cdc9d9-ddb5-4fa4-a97d-d965ccfc6d4b" outcome="Passed" testListId="8c84fa94-04c1-424b-9868-57a2d4851a1d" relativeResultsDirectory="2fc5e8fe-ecde-46f0-9612-c6c3952d1f23">
    </UnitTestResult>
    <UnitTestResult executionId="7f406c4f-0698-48f9-9e73-46e9f2d9fd50" testId="f596561f-6125-cba0-cd8e-82c2b6621e71" testName="LogEvent_StartTimer_AddEvent_EventAdded" computerName="NLCKCBX3J" duration="00:00:00.0004240" startTime="2011-03-15T10:44:16.4346181+01:00" endTime="2011-03-15T10:44:16.4502408+01:00" testType="13cdc9d9-ddb5-4fa4-a97d-d965ccfc6d4b" outcome="Passed" testListId="8c84fa94-04c1-424b-9868-57a2d4851a1d" relativeResultsDirectory="7f406c4f-0698-48f9-9e73-46e9f2d9fd50">
    </UnitTestResult>
    <UnitTestResult executionId="c3388768-f74e-4218-891c-b1da01b64cb5" testId="fdfd04ab-30d4-27e9-b9d4-3b55bfc71c68" testName="CreateStyleCopProcessStartInfo_AllSettingsValid_ValidResult" computerName="NLCKCBX3J" duration="00:00:00.0015733" startTime="2011-03-15T10:44:16.4502408+01:00" endTime="2011-03-15T10:44:16.4658635+01:00" testType="13cdc9d9-ddb5-4fa4-a97d-d965ccfc6d4b" outcome="Passed" testListId="8c84fa94-04c1-424b-9868-57a2d4851a1d" relativeResultsDirectory="c3388768-f74e-4218-891c-b1da01b64cb5">
    </UnitTestResult>
  </Results>
</TestRun>